<?xml version="1.0" encoding="UTF-8"?>
<TestRun id="f6623181-377c-4584-8f5b-2d3c466ca3c8" name="Mike@MIKE-NOTEBOOK2 2013-06-19 13:06:21" runUser="MIKE-NOTEBOOK2\Mike" xmlns="http://microsoft.com/schemas/VisualStudio/TeamTest/2006">
  <TestRunConfiguration name="Default Run Configuration" id="d3b22174-25d1-4232-b330-f0779c09016a">
    <Deployment userDeploymentRoot="D:\ALinq\Source\Trunk\Test\TestResults" useDefaultDeploymentRoot="false" runDeploymentRoot="D:\ALinq\Source\Trunk\Test\TestResults\Mike_MIKE-NOTEBOOK2 2013-06-19 13_06_21">
      <DeploymentItem filename="D:\ALinq\Source\Trunk\Northwind\bin\Debug\NorthwindDatabase.dll" />
      <DeploymentItem filename="D:\ALinq\Source\Trunk\Test\bin\Debug\Oracle.DataAccess.dll" />
    </Deployment>
    <Hosts skipUnhostableTests="false" />
    <TestTypeSpecific />
  </TestRunConfiguration>
  <ResultSummary outcome="Completed">
    <Counters total="1" executed="1" passed="1" error="0" failed="0" timeout="0" aborted="0" inconclusive="0" passedButRunAborted="0" notRunnable="0" notExecuted="0" disconnected="0" warning="0" completed="0" inProgress="0" pending="0" />
  </ResultSummary>
  <Times creation="2013-06-19T13:06:21.3505828+08:00" queuing="2013-06-19T13:06:27.8139525+08:00" start="2013-06-19T13:06:28.6309993+08:00" finish="2013-06-19T13:06:52.3713571+08:00" />
  <TestDefinitions>
    <UnitTest name="GroupBy_Min" storage="d:\alinq\source\trunk\test\bin\debug\test.dll" id="e166480e-5731-94f6-6b47-d1373309f64e">
      <Css projectStructure="" iteration="" />
      <Owners>
        <Owner name="" />
      </Owners>
      <Execution id="63025451-ae90-441e-b330-c2592053bfe3" />
      <TestMethod codeBase="D:\ALinq\Source\Trunk\Test\bin\Debug\Test.dll" adapterTypeName="Microsoft.VisualStudio.TestTools.TestTypes.Unit.UnitTestAdapter, Microsoft.VisualStudio.QualityTools.Tips.UnitTest.Adapter, Version=9.0.0.0, Culture=neutral, PublicKeyToken=b03f5f7f11d50a3a" className="Test.FirebirdTest, Test" name="GroupBy_Min" />
    </UnitTest>
  </TestDefinitions>
  <TestLists>
    <TestList name="Results Not in a List" id="8c84fa94-04c1-424b-9868-57a2d4851a1d" />
    <TestList name="All Loaded Results" id="19431567-8539-422a-85d7-44ee4e166bda" />
  </TestLists>
  <TestEntries>
    <TestEntry testId="e166480e-5731-94f6-6b47-d1373309f64e" executionId="63025451-ae90-441e-b330-c2592053bfe3" testListId="8c84fa94-04c1-424b-9868-57a2d4851a1d" />
  </TestEntries>
  <Results>
    <UnitTestResult executionId="63025451-ae90-441e-b330-c2592053bfe3" testId="e166480e-5731-94f6-6b47-d1373309f64e" testName="GroupBy_Min" computerName="MIKE-NOTEBOOK2" duration="00:00:21.3585094" startTime="2013-06-19T13:06:29.1690300+08:00" endTime="2013-06-19T13:06:52.0753402+08:00" testType="13cdc9d9-ddb5-4fa4-a97d-d965ccfc6d4b" outcome="Passed" testListId="8c84fa94-04c1-424b-9868-57a2d4851a1d">
      <Output>
        <StdOut>This software is unregistered and will be expired after 112 days.

SELECT COALESCE(MIN(t0.UnitPrice),0) MinPrice, t0.CategoryID AS "Key"
FROM Products AS t0
GROUP BY t0.CategoryID
-- CommandType: Text
-- Context: FirebirdProvider Model: Firebird AttributedMetaModel Build: 3.0.40.35

SELECT COALESCE(MIN(t0.OrderDate),'0001-01-01') MinDate, t0.EmployeeID AS "Key"
FROM Orders AS t0
GROUP BY t0.EmployeeID
-- CommandType: Text
-- Context: FirebirdProvider Model: Firebird AttributedMetaModel Build: 3.0.40.35

0001/1/1 0:00:00</StdOut>
      </Output>
    </UnitTestResult>
  </Results>
</TestRun>